Microchip MPLAB XC8 Compiler V2.00 ()

Linker command line:

-W-3 --edf=C:\Program Files (x86)\Microchip\xc8\v2.00\pic\dat\en_msgs.txt \
  -cs -h+dist/default/production\SpeedoTest.production.sym \
  --cmf=dist/default/production\SpeedoTest.production.cmf -z -Q16F1827 \
  -oC:\Users\Nataly\AppData\Local\Temp\scn4.2 --defsym=__MPLAB_BUILD=1 \
  -Mdist/default/production/SpeedoTest.production.map -E1 -ver=XC8 \
  --acfsm=1493 -ASTACK=0201Fh-020b9h -pstack=STACK -ACODE=00h-07FFhx2 \
  -ASTRCODE=00h-0FFFh -ASTRING=00h-0FFhx16 -ACONST=00h-0FFhx16 \
  -AENTRY=00h-0FFhx16 -ACOMMON=070h-07Fh -ABANK0=020h-06Fh \
  -ABANK1=0A0h-0EFh -ABANK2=0120h-016Fh -ABANK3=01A0h-01EFh \
  -ABANK4=0220h-024Fh -ABIGRAM=02000h-0216Fh \
  -ARAM=020h-06Fh,0A0h-0EFh,0120h-016Fh,01A0h-01EFh,0220h-024Fh \
  -AABS1=020h-07Fh,0A0h-0EFh,0120h-016Fh,01A0h-01EFh,0220h-024Fh \
  -ASFR0=00h-01Fh -ASFR1=080h-09Fh -ASFR2=0100h-011Fh -ASFR3=0180h-019Fh \
  -ASFR4=0200h-021Fh -ASFR5=0280h-02EFh -ASFR6=0300h-036Fh \
  -ASFR7=0380h-03EFh -ASFR8=0400h-046Fh -ASFR9=0480h-04EFh \
  -ASFR10=0500h-056Fh -ASFR11=0580h-05EFh -ASFR12=0600h-066Fh \
  -ASFR13=0680h-06EFh -ASFR14=0700h-076Fh -ASFR15=0780h-07EFh \
  -ASFR16=0800h-086Fh -ASFR17=0880h-08EFh -ASFR18=0900h-096Fh \
  -ASFR19=0980h-09EFh -ASFR20=0A00h-0A6Fh -ASFR21=0A80h-0AEFh \
  -ASFR22=0B00h-0B6Fh -ASFR23=0B80h-0BEFh -ASFR24=0C00h-0C6Fh \
  -ASFR25=0C80h-0CEFh -ASFR26=0D00h-0D6Fh -ASFR27=0D80h-0DEFh \
  -ASFR28=0E00h-0E6Fh -ASFR29=0E80h-0EEFh -ASFR30=0F00h-0F6Fh \
  -ASFR31=0F80h-0FEFh -preset_vec=00h,intentry=04h,init,end_init \
  -ppowerup=CODE -pcinit=CODE -pfunctab=ENTRY -ACONFIG=08007h-08008h \
  -pconfig=CONFIG -DCONFIG=2 -AIDLOC=08000h-08003h -pidloc=IDLOC -DIDLOC=2 \
  -AEEDATA=00h-0FFh/0F000h -peeprom_data=EEDATA -DEEDATA=2 -DCODE=2 \
  -DSTRCODE=2 -DSTRING=2 -DCONST=2 -DENTRY=2 -k \
  C:\Users\Nataly\AppData\Local\Temp\scn4.o \
  dist/default/production\SpeedoTest.production.o 

Object code version is 3.11

Machine type is 16F1827



                Name                               Link     Load   Length Selector   Space Scale
C:\Users\Nataly\AppData\Local\Temp\scn4.o
                end_init                             15       15        2        8       0
                reset_vec                             0        0        2        0       0
                config                             8007     8007        2    1000E       0
dist/default/production\SpeedoTest.production.o
                cinit                                17       17       12        8       0
                intentry                              4        4       11        8       0
                text17                              557      557        1      AAE       0
                text15                              4E5      4E5       17      666       0
                text14                              4CE      4CE       17      666       0
                text13                              549      549        7      666       0
                text12                              4B7      4B7       17      666       0
                text11                              52A      52A        B      666       0
                text10                              51E      51E        C      666       0
                text9                               53F      53F        A      666       0
                text8                               535      535        A      666       0
                text7                               550      550        4      666       0
                text6                               4FC      4FC       16      666       0
                text5                               495      495       22      666       0
                text4                                FE       FE       C9        8       0
                text3                               45E      45E       37      666       0
                text2                               3DF      3DF       7F      666       0
                text1                               333      333       AC      666       0
                maintext                             29       29       D5        8       0
                cstackBANK0                          20       20       1F       20       1
                cstackCOMMON                         70       70        E       70       1
                inittext                            512      512        C      666       0
                stringtext3                         556      556        1      AA8       0
                stringtext2                         554      554        2      AA8       0
                stringtext1                         27D      27D       B6      4FA       0
                idataBIGRAM                         1C7      1C7       B6        8       0

TOTAL           Name                               Link     Load   Length     Space
        CLASS   STACK          

        CLASS   CODE           
                end_init                             15       15        2         0
                cinit                                17       17       12         0
                intentry                              4        4       11         0
                reset_vec                             0        0        2         0
                text17                              557      557        1         0
                text15                              4E5      4E5       17         0
                text14                              4CE      4CE       17         0
                text13                              549      549        7         0
                text12                              4B7      4B7       17         0
                text11                              52A      52A        B         0
                text10                              51E      51E        C         0
                text9                               53F      53F        A         0
                text8                               535      535        A         0
                text7                               550      550        4         0
                text6                               4FC      4FC       16         0
                text5                               495      495       22         0
                text4                                FE       FE       C9         0
                text3                               45E      45E       37         0
                text2                               3DF      3DF       7F         0
                text1                               333      333       AC         0
                maintext                             29       29       D5         0
                inittext                            512      512        C         0
                idataBIGRAM                         1C7      1C7       B6         0

        CLASS   STRCODE        
                stringtext3                         556      556        1         0
                stringtext2                         554      554        2         0
                stringtext1                         27D      27D       B6         0

        CLASS   STRING         

        CLASS   CONST          

        CLASS   ENTRY          

        CLASS   COMMON         
                cstackCOMMON                         70       70        E         1

        CLASS   BANK0          
                cstackBANK0                          20       20       1F         1

        CLASS   BANK1          

        CLASS   BANK2          

        CLASS   BANK3          

        CLASS   BANK4          

        CLASS   BIGRAM         

        CLASS   RAM            

        CLASS   ABS1           
                abs_s1                               7E       7E        2         1
                abs_s1                              13A      13A       36         1
                abs_s1                              1A0      1A0       50         1
                abs_s1                              220      220       30         1
                abs_s1                             20BA     20BA        0         1

        CLASS   SFR0           

        CLASS   SFR1           

        CLASS   SFR2           

        CLASS   SFR3           

        CLASS   SFR4           

        CLASS   SFR5           

        CLASS   SFR6           

        CLASS   SFR7           

        CLASS   SFR8           

        CLASS   SFR9           

        CLASS   SFR10          

        CLASS   SFR11          

        CLASS   SFR12          

        CLASS   SFR13          

        CLASS   SFR14          

        CLASS   SFR15          

        CLASS   SFR16          

        CLASS   SFR17          

        CLASS   SFR18          

        CLASS   SFR19          

        CLASS   SFR20          

        CLASS   SFR21          

        CLASS   SFR22          

        CLASS   SFR23          

        CLASS   SFR24          

        CLASS   SFR25          

        CLASS   SFR26          

        CLASS   SFR27          

        CLASS   SFR28          

        CLASS   SFR29          

        CLASS   SFR30          

        CLASS   SFR31          

        CLASS   CONFIG         
                config                             8007     8007        2         0

        CLASS   IDLOC          

        CLASS   EEDATA         

        CLASS   BANK31         

        CLASS   BANK30         

        CLASS   BANK29         

        CLASS   BANK28         

        CLASS   BANK27         

        CLASS   BANK26         

        CLASS   BANK25         

        CLASS   BANK24         

        CLASS   BANK23         

        CLASS   BANK22         

        CLASS   BANK21         

        CLASS   BANK20         

        CLASS   BANK19         

        CLASS   BANK18         

        CLASS   BANK17         

        CLASS   BANK16         

        CLASS   BANK15         

        CLASS   BANK14         

        CLASS   BANK13         

        CLASS   BANK12         

        CLASS   BANK11         

        CLASS   BANK10         

        CLASS   BANK9          

        CLASS   BANK8          

        CLASS   BANK7          

        CLASS   BANK6          

        CLASS   BANK5          



SEGMENTS        Name                           Load    Length   Top    Selector   Space  Class     Delta

                reset_vec                      000000  000002  000002         0       0  CODE        2
                intentry                       000004  000279  00027D         8       0  CODE        2
                cstackBANK0                    000020  00001F  00003F        20       1  BANK0       1
                cstackCOMMON                   000070  00000E  00007E        70       1  COMMON      1
                stringtext1                    00027D  0000B6  000333       4FA       0  STRCODE     2
                text1                          000333  000221  000554       666       0  CODE        2
                stringtext2                    000554  000003  000557       AA8       0  STRCODE     2
                text17                         000557  000001  000558       AAE       0  CODE        2
                config                         008007  000002  008009     1000E       0  CONFIG      2


UNUSED ADDRESS RANGES

        Name                Unused          Largest block    Delta
        BANK0            0003F-0006F              31           1
        BANK1            000A0-000EF              50           1
        BANK2            00120-00139              1A           1
        BIGRAM           02000-0216F             170           1
        CODE             00002-00003               2           2
                         00558-00FFF             2A8
        CONST            00002-00003               2           2
                         00558-00FFF             100
        EEDATA           0F000-0F0FF             100           2
        ENTRY            00002-00003               2           2
                         00558-00FFF             100
        IDLOC            08000-08003               4           2
        RAM              0003F-0006F              31           1
                         000A0-000EF              50
                         00120-00139              1A
        SFR0             00000-0001F              20           1
        SFR1             00080-0009F              20           1
        SFR10            00500-0056F              70           1
        SFR11            00580-005EF              70           1
        SFR12            00600-0066F              70           1
        SFR13            00680-006EF              70           1
        SFR14            00700-0076F              70           1
        SFR15            00780-007EF              70           1
        SFR16            00800-0086F              70           1
        SFR17            00880-008EF              70           1
        SFR18            00900-0096F              70           1
        SFR19            00980-009EF              70           1
        SFR2             00100-0011F              20           1
        SFR20            00A00-00A6F              70           1
        SFR21            00A80-00AEF              70           1
        SFR22            00B00-00B6F              70           1
        SFR23            00B80-00BEF              70           1
        SFR24            00C00-00C6F              70           1
        SFR25            00C80-00CEF              70           1
        SFR26            00D00-00D6F              70           1
        SFR27            00D80-00DEF              70           1
        SFR28            00E00-00E6F              70           1
        SFR29            00E80-00EEF              70           1
        SFR3             00180-0019F              20           1
        SFR30            00F00-00F6F              70           1
        SFR31            00F80-00FEF              70           1
        SFR4             00200-0021F              20           1
        SFR5             00280-002EF              70           1
        SFR6             00300-0036F              70           1
        SFR7             00380-003EF              70           1
        SFR8             00400-0046F              70           1
        SFR9             00480-004EF              70           1
        STACK            0201F-020B9              9B           1
        STRCODE          00002-00003               2           2
                         00558-00FFF             AA8
        STRING           00002-00003               2           2
                         00558-00FFF             100

                                  Symbol Table

?___lmul                             cstackCOMMON 00070
?___wmul                             cstackCOMMON 00070
?_cos                                cstackCOMMON 00076
?_getArrowDegree4                    cstackBANK0  00020
?_sin                                cstackCOMMON 00076
PWM3_LoadDutyValue@dutyValue         cstackCOMMON 00070
PWM4_LoadDutyValue@dutyValue         cstackCOMMON 00070
_ANSELA                              (abs)        0018C
_ANSELB                              (abs)        0018D
_APFCON0                             (abs)        0011D
_APFCON1                             (abs)        0011E
_BORCON                              (abs)        00116
_CCP3CON                             (abs)        00313
_CCP4CON                             (abs)        0031A
_CCPR3H                              (abs)        00312
_CCPR3L                              (abs)        00311
_CCPR4H                              (abs)        00319
_CCPR4L                              (abs)        00318
_CCPTMRS0bits                        (abs)        0029E
_DegreePerKm7                        stringtext3  00556
_INTCONbits                          (abs)        0000B
_INTERRUPT_InterruptManager          intentry     00004
_LATA                                (abs)        0010C
_LATAbits                            (abs)        0010C
_LATB                                (abs)        0010D
_OPTION_REGbits                      (abs)        00095
_OSCCON                              (abs)        00099
_OSCILLATOR_Initialize               text13       00549
_OSCTUNE                             (abs)        00098
_PIN_MANAGER_IOC                     text17       00557
_PIN_MANAGER_Initialize              text12       004B7
_PIR3bits                            (abs)        00013
_PR4                                 (abs)        00416
_PR6                                 (abs)        0041D
_PWM3_Initialize                     text11       0052A
_PWM3_LoadDutyValue                  text15       004E5
_PWM4_Initialize                     text10       0051E
_PWM4_LoadDutyValue                  text14       004CE
_START_ARROW_POSITION                stringtext2  00554
_SYSTEM_Initialize                   text6        004FC
_T4CON                               (abs)        00417
_T4CONbits                           (abs)        00417
_T6CON                               (abs)        0041E
_T6CONbits                           (abs)        0041E
_TMR4                                (abs)        00415
_TMR4_Initialize                     text9        0053F
_TMR6                                (abs)        0041C
_TMR6_Initialize                     text8        00535
_TRISA                               (abs)        0008C
_TRISB                               (abs)        0008D
_WDTCON                              (abs)        00097
_WDT_Initialize                      text7        00550
_WPUA                                (abs)        0020C
_WPUB                                (abs)        0020D
__CFG_BOREN$ON                       (abs)        00000
__CFG_BORV$LO                        (abs)        00000
__CFG_CLKOUTEN$OFF                   (abs)        00000
__CFG_CP$OFF                         (abs)        00000
__CFG_CPD$OFF                        (abs)        00000
__CFG_FCMEN$ON                       (abs)        00000
__CFG_FOSC$INTOSC                    (abs)        00000
__CFG_IESO$ON                        (abs)        00000
__CFG_LVP$OFF                        (abs)        00000
__CFG_MCLRE$ON                       (abs)        00000
__CFG_PLLEN$OFF                      (abs)        00000
__CFG_PWRTE$ON                       (abs)        00000
__CFG_STVREN$ON                      (abs)        00000
__CFG_WDTE$OFF                       (abs)        00000
__CFG_WRT$OFF                        (abs)        00000
__Habs1                              abs1         00000
__Hbank0                             bank0        00000
__Hbank1                             bank1        00000
__Hbank10                            bank10       00000
__Hbank11                            bank11       00000
__Hbank12                            bank12       00000
__Hbank13                            bank13       00000
__Hbank14                            bank14       00000
__Hbank15                            bank15       00000
__Hbank16                            bank16       00000
__Hbank17                            bank17       00000
__Hbank18                            bank18       00000
__Hbank19                            bank19       00000
__Hbank2                             bank2        00000
__Hbank20                            bank20       00000
__Hbank21                            bank21       00000
__Hbank22                            bank22       00000
__Hbank23                            bank23       00000
__Hbank24                            bank24       00000
__Hbank25                            bank25       00000
__Hbank26                            bank26       00000
__Hbank27                            bank27       00000
__Hbank28                            bank28       00000
__Hbank29                            bank29       00000
__Hbank3                             bank3        00000
__Hbank30                            bank30       00000
__Hbank31                            bank31       00000
__Hbank4                             bank4        00000
__Hbank5                             bank5        00000
__Hbank6                             bank6        00000
__Hbank7                             bank7        00000
__Hbank8                             bank8        00000
__Hbank9                             bank9        00000
__Hbigram                            bigram       00000
__Hcinit                             cinit        00029
__Hclrtext                           clrtext      00000
__Hcode                              code         00000
__Hcommon                            common       00000
__Hconfig                            config       08009
__HcstackBANK0                       cstackBANK0  00000
__HcstackCOMMON                      cstackCOMMON 00000
__Heeprom_data                       eeprom_data  00000
__Hend_init                          end_init     00017
__Hfunctab                           functab      00000
__HidataBIGRAM                       idataBIGRAM  00000
__Hidloc                             idloc        00000
__Hinit                              init         00015
__Hinittext                          inittext     00000
__Hintentry                          intentry     00015
__Hmaintext                          maintext     00000
__Hpowerup                           powerup      00000
__Hram                               ram          00000
__Hreset_vec                         reset_vec    00002
__Hsfr0                              sfr0         00000
__Hsfr1                              sfr1         00000
__Hsfr10                             sfr10        00000
__Hsfr11                             sfr11        00000
__Hsfr12                             sfr12        00000
__Hsfr13                             sfr13        00000
__Hsfr14                             sfr14        00000
__Hsfr15                             sfr15        00000
__Hsfr16                             sfr16        00000
__Hsfr17                             sfr17        00000
__Hsfr18                             sfr18        00000
__Hsfr19                             sfr19        00000
__Hsfr2                              sfr2         00000
__Hsfr20                             sfr20        00000
__Hsfr21                             sfr21        00000
__Hsfr22                             sfr22        00000
__Hsfr23                             sfr23        00000
__Hsfr24                             sfr24        00000
__Hsfr25                             sfr25        00000
__Hsfr26                             sfr26        00000
__Hsfr27                             sfr27        00000
__Hsfr28                             sfr28        00000
__Hsfr29                             sfr29        00000
__Hsfr3                              sfr3         00000
__Hsfr30                             sfr30        00000
__Hsfr31                             sfr31        00000
__Hsfr4                              sfr4         00000
__Hsfr5                              sfr5         00000
__Hsfr6                              sfr6         00000
__Hsfr7                              sfr7         00000
__Hsfr8                              sfr8         00000
__Hsfr9                              sfr9         00000
__Hspace_0                           (abs)        08009
__Hspace_1                           (abs)        0007E
__Hspace_2                           (abs)        00000
__Hspace_3                           (abs)        00000
__Hstack                             stack        00000
__Hstrings                           strings      00000
__Hstringtext1                       stringtext1  00000
__Hstringtext2                       stringtext2  00000
__Hstringtext3                       stringtext3  00000
__Htext                              text         00000
__Labs1                              abs1         00000
__Lbank0                             bank0        00000
__Lbank1                             bank1        00000
__Lbank10                            bank10       00000
__Lbank11                            bank11       00000
__Lbank12                            bank12       00000
__Lbank13                            bank13       00000
__Lbank14                            bank14       00000
__Lbank15                            bank15       00000
__Lbank16                            bank16       00000
__Lbank17                            bank17       00000
__Lbank18                            bank18       00000
__Lbank19                            bank19       00000
__Lbank2                             bank2        00000
__Lbank20                            bank20       00000
__Lbank21                            bank21       00000
__Lbank22                            bank22       00000
__Lbank23                            bank23       00000
__Lbank24                            bank24       00000
__Lbank25                            bank25       00000
__Lbank26                            bank26       00000
__Lbank27                            bank27       00000
__Lbank28                            bank28       00000
__Lbank29                            bank29       00000
__Lbank3                             bank3        00000
__Lbank30                            bank30       00000
__Lbank31                            bank31       00000
__Lbank4                             bank4        00000
__Lbank5                             bank5        00000
__Lbank6                             bank6        00000
__Lbank7                             bank7        00000
__Lbank8                             bank8        00000
__Lbank9                             bank9        00000
__Lbigram                            bigram       00000
__Lcinit                             cinit        00017
__Lclrtext                           clrtext      00000
__Lcode                              code         00000
__Lcommon                            common       00000
__Lconfig                            config       08007
__LcstackBANK0                       cstackBANK0  00000
__LcstackCOMMON                      cstackCOMMON 00000
__Leeprom_data                       eeprom_data  00000
__Lend_init                          end_init     00015
__Lfunctab                           functab      00000
__LidataBIGRAM                       idataBIGRAM  00000
__Lidloc                             idloc        00000
__Linit                              init         00015
__Linittext                          inittext     00000
__Lintentry                          intentry     00004
__Lmaintext                          maintext     00000
__Lpowerup                           powerup      00000
__Lram                               ram          00000
__Lreset_vec                         reset_vec    00000
__Lsfr0                              sfr0         00000
__Lsfr1                              sfr1         00000
__Lsfr10                             sfr10        00000
__Lsfr11                             sfr11        00000
__Lsfr12                             sfr12        00000
__Lsfr13                             sfr13        00000
__Lsfr14                             sfr14        00000
__Lsfr15                             sfr15        00000
__Lsfr16                             sfr16        00000
__Lsfr17                             sfr17        00000
__Lsfr18                             sfr18        00000
__Lsfr19                             sfr19        00000
__Lsfr2                              sfr2         00000
__Lsfr20                             sfr20        00000
__Lsfr21                             sfr21        00000
__Lsfr22                             sfr22        00000
__Lsfr23                             sfr23        00000
__Lsfr24                             sfr24        00000
__Lsfr25                             sfr25        00000
__Lsfr26                             sfr26        00000
__Lsfr27                             sfr27        00000
__Lsfr28                             sfr28        00000
__Lsfr29                             sfr29        00000
__Lsfr3                              sfr3         00000
__Lsfr30                             sfr30        00000
__Lsfr31                             sfr31        00000
__Lsfr4                              sfr4         00000
__Lsfr5                              sfr5         00000
__Lsfr6                              sfr6         00000
__Lsfr7                              sfr7         00000
__Lsfr8                              sfr8         00000
__Lsfr9                              sfr9         00000
__Lspace_0                           (abs)        00000
__Lspace_1                           (abs)        00000
__Lspace_2                           (abs)        00000
__Lspace_3                           (abs)        00000
__Lstack                             stack        00000
__Lstrings                           strings      00000
__Lstringtext1                       stringtext1  00000
__Lstringtext2                       stringtext2  00000
__Lstringtext3                       stringtext3  00000
__Ltext                              text         00000
__S0                                 (abs)        08009
__S1                                 (abs)        0007E
__S2                                 (abs)        00000
__S3                                 (abs)        00000
___int_sp                            stack        00000
___latbits                           (abs)        00001
___lmul                              text3        0045E
___lmul@multiplicand                 cstackCOMMON 00074
___lmul@multiplier                   cstackCOMMON 00070
___lmul@product                      cstackCOMMON 00078
___sp                                stack        00000
___wmul                              text5        00495
___wmul@multiplicand                 cstackCOMMON 00072
___wmul@multiplier                   cstackCOMMON 00070
___wmul@product                      cstackCOMMON 00074
__end_of_DegreePerKm7                stringtext3  00557
__end_of_INTERRUPT_InterruptManager  intentry     00015
__end_of_OSCILLATOR_Initialize       text13       00550
__end_of_PIN_MANAGER_IOC             text17       00558
__end_of_PIN_MANAGER_Initialize      text12       004CE
__end_of_PWM3_Initialize             text11       00535
__end_of_PWM3_LoadDutyValue          text15       004FC
__end_of_PWM4_Initialize             text10       0052A
__end_of_PWM4_LoadDutyValue          text14       004E5
__end_of_START_ARROW_POSITION        stringtext2  00556
__end_of_SYSTEM_Initialize           text6        00512
__end_of_TMR4_Initialize             text9        00549
__end_of_TMR6_Initialize             text8        0053F
__end_of_WDT_Initialize              text7        00554
__end_of___lmul                      text3        00495
__end_of___wmul                      text5        004B7
__end_of__initialization             cinit        00025
__end_of_cos                         text4        001C7
__end_of_coss                        stringtext1  00333
__end_of_getArrowDegree4             text2        0045E
__end_of_main                        maintext     000FE
__end_of_sin                         text1        003DF
__initialization                     cinit        00017
__pcstackBANK0                       cstackBANK0  00020
__pcstackCOMMON                      cstackCOMMON 00070
__pdataBIGRAM                        (abs)        020BA
__pidataBIGRAM                       idataBIGRAM  001C7
__pintentry                          intentry     00004
__pmaintext                          maintext     00029
__pstringtext1                       stringtext1  0027D
__pstringtext2                       stringtext2  00554
__pstringtext3                       stringtext3  00556
__ptext1                             text1        00333
__ptext10                            text10       0051E
__ptext11                            text11       0052A
__ptext12                            text12       004B7
__ptext13                            text13       00549
__ptext14                            text14       004CE
__ptext15                            text15       004E5
__ptext17                            text17       00557
__ptext2                             text2        003DF
__ptext3                             text3        0045E
__ptext4                             text4        000FE
__ptext5                             text5        00495
__ptext6                             text6        004FC
__ptext7                             text7        00550
__ptext8                             text8        00535
__ptext9                             text9        0053F
__size_of_INTERRUPT_InterruptManager (abs)        00000
__size_of_OSCILLATOR_Initialize      (abs)        00000
__size_of_PIN_MANAGER_IOC            (abs)        00000
__size_of_PIN_MANAGER_Initialize     (abs)        00000
__size_of_PWM3_Initialize            (abs)        00000
__size_of_PWM3_LoadDutyValue         (abs)        00000
__size_of_PWM4_Initialize            (abs)        00000
__size_of_PWM4_LoadDutyValue         (abs)        00000
__size_of_SYSTEM_Initialize          (abs)        00000
__size_of_TMR4_Initialize            (abs)        00000
__size_of_TMR6_Initialize            (abs)        00000
__size_of_WDT_Initialize             (abs)        00000
__size_of___lmul                     (abs)        00000
__size_of___wmul                     (abs)        00000
__size_of_cos                        (abs)        00000
__size_of_getArrowDegree4            (abs)        00000
__size_of_main                       (abs)        00000
__size_of_sin                        (abs)        00000
_cos                                 text4        000FE
_cos$399                             cstackBANK0  0002B
_coss                                stringtext1  0027D
_getArrowDegree4                     text2        003DF
_main                                maintext     00029
_main$440                            cstackBANK0  00036
_sin                                 text1        00333
_sins                                (abs)        020BA
btemp                                (abs)        0007E
cos@degree_minor                     cstackBANK0  0002A
cos@dg                               cstackBANK0  0002C
cos@pDegree4                         cstackCOMMON 00076
cos@pRevers                          cstackCOMMON 00078
cos@steep                            cstackBANK0  00028
end_of_initialization                cinit        00025
getArrowDegree4@p_speed4             cstackBANK0  00020
getArrowDegree4@r1                   cstackBANK0  0002A
getArrowDegree4@r2                   cstackBANK0  0002E
init_ram                             inittext     00512
int$flags                            (abs)        0007E
intlevel0                            functab      00000
intlevel1                            functab      00000
intlevel2                            functab      00000
intlevel3                            functab      00000
intlevel4                            functab      00000
intlevel5                            functab      00000
main@arrow_degree                    cstackBANK0  0003D
main@hor_pwm_duty                    cstackBANK0  00032
main@rewersHor                       cstackBANK0  00039
main@rewersVert                      cstackBANK0  0003A
main@speed4                          cstackBANK0  0003B
main@speed_up                        cstackBANK0  00038
main@vert_pwm_duty                   cstackBANK0  00034
reset_vec                            reset_vec    00000
sin@degree_minor                     cstackCOMMON 0007B
sin@dg                               cstackCOMMON 0007C
sin@pDegree4                         cstackCOMMON 00076
sin@pRevers                          cstackCOMMON 00078
sin@steep                            cstackCOMMON 00079
stackhi                              (abs)        020B9
stacklo                              (abs)        0201F
start                                init         00015
start_initialization                 cinit        00017
wtemp0                               (abs)        0007E


FUNCTION INFORMATION:

 *************** function _main *****************
 Defined at:
		line 50 in file "main.c"
 Parameters:    Size  Location     Type
		None
 Auto vars:     Size  Location     Type
  arrow_degree    2   29[BANK0 ] short 
  speed4          2   27[BANK0 ] short 
  vert_pwm_dut    2   20[BANK0 ] unsigned short 
  hor_pwm_duty    2   18[BANK0 ] unsigned short 
  rewersVert      1   26[BANK0 ] _Bool 
  rewersHor       1   25[BANK0 ] _Bool 
  speed_up        1   24[BANK0 ] _Bool 
 Return value:  Size  Location     Type
                  1    wreg      void 
 Registers used:
		wreg, fsr0l, fsr0h, fsr1l, fsr1h, status,2, status,0, pclath, cstack
 Tracked objects:
		On entry : 
		On exit  : 
		Unchanged: 
 Data sizes:     COMMON   BANK0   BANK1   BANK2   BANK3   BANK4
      Params:         0       0       0       0       0       0
      Locals:         0      13       0       0       0       0
      Temps:          0       2       0       0       0       0
      Totals:         0      15       0       0       0       0
Total ram usage:       15 bytes
 Hardware stack levels required when called:    4
 This function calls:
		_PWM3_LoadDutyValue
		_PWM4_LoadDutyValue
		_SYSTEM_Initialize
		_cos
		_getArrowDegree4
		_sin
 This function is called by:
		Startup code after reset
 This function uses a non-reentrant model


 *************** function _sin *****************
 Defined at:
		line 216 in file "./cos_tab.h"
 Parameters:    Size  Location     Type
  pDegree4        2    6[COMMON] short 
  pRevers         1    8[COMMON] PTR _Bool 
		 -> main@rewersVert(1), 
 Auto vars:     Size  Location     Type
  dg              2   12[COMMON] unsigned short 
  steep           2    9[COMMON] unsigned short 
  degree_minor    1   11[COMMON] unsigned char 
 Return value:  Size  Location     Type
                  2    6[COMMON] unsigned short 
 Registers used:
		wreg, fsr0l, fsr0h, fsr1l, fsr1h, status,2, status,0, pclath, cstack
 Tracked objects:
		On entry : 
		On exit  : 
		Unchanged: 
 Data sizes:     COMMON   BANK0   BANK1   BANK2   BANK3   BANK4
      Params:         3       0       0       0       0       0
      Locals:         5       0       0       0       0       0
      Temps:          0      12       0       0       0       0
      Totals:         8      12       0       0       0       0
Total ram usage:       20 bytes
 Hardware stack levels used:    1
 Hardware stack levels required when called:    3
 This function calls:
		___wmul
 This function is called by:
		_main
 This function uses a non-reentrant model


 *************** function _getArrowDegree4 *****************
 Defined at:
		line 240 in file "./cos_tab.h"
 Parameters:    Size  Location     Type
  p_speed4        4    0[BANK0 ] unsigned long 
 Auto vars:     Size  Location     Type
  r1              4   10[BANK0 ] unsigned long 
  r2              2   14[BANK0 ] unsigned short 
 Return value:  Size  Location     Type
                  2    0[BANK0 ] int 
 Registers used:
		wreg, fsr0l, fsr0h, status,2, status,0, pclath, cstack
 Tracked objects:
		On entry : 
		On exit  : 
		Unchanged: 
 Data sizes:     COMMON   BANK0   BANK1   BANK2   BANK3   BANK4
      Params:         0       4       0       0       0       0
      Locals:         0       6       0       0       0       0
      Temps:          0       6       0       0       0       0
      Totals:         0      16       0       0       0       0
Total ram usage:       16 bytes
 Hardware stack levels used:    1
 Hardware stack levels required when called:    3
 This function calls:
		___lmul
 This function is called by:
		_main
 This function uses a non-reentrant model


 *************** function ___lmul *****************
 Defined at:
		line 15 in file "C:\Program Files (x86)\Microchip\xc8\v2.00\pic\sources\c99\common\Umul32.c"
 Parameters:    Size  Location     Type
  multiplier      4    0[COMMON] unsigned long 
  multiplicand    4    4[COMMON] unsigned long 
 Auto vars:     Size  Location     Type
  product         4    8[COMMON] unsigned long 
 Return value:  Size  Location     Type
                  4    0[COMMON] unsigned long 
 Registers used:
		wreg, status,2, status,0
 Tracked objects:
		On entry : 
		On exit  : 
		Unchanged: 
 Data sizes:     COMMON   BANK0   BANK1   BANK2   BANK3   BANK4
      Params:         8       0       0       0       0       0
      Locals:         4       0       0       0       0       0
      Temps:          0       0       0       0       0       0
      Totals:        12       0       0       0       0       0
Total ram usage:       12 bytes
 Hardware stack levels used:    1
 Hardware stack levels required when called:    2
 This function calls:
		Nothing
 This function is called by:
		_getArrowDegree4
 This function uses a non-reentrant model


 *************** function _cos *****************
 Defined at:
		line 101 in file "./cos_tab.h"
 Parameters:    Size  Location     Type
  pDegree4        2    6[COMMON] short 
  pRevers         1    8[COMMON] PTR _Bool 
		 -> main@rewersHor(1), 
 Auto vars:     Size  Location     Type
  dg              2   12[BANK0 ] unsigned short 
  steep           2    8[BANK0 ] unsigned short 
  degree_minor    1   10[BANK0 ] unsigned char 
 Return value:  Size  Location     Type
                  2    6[COMMON] short 
 Registers used:
		wreg, fsr0l, fsr0h, fsr1l, fsr1h, status,2, status,0, pclath, cstack
 Tracked objects:
		On entry : 
		On exit  : 
		Unchanged: 
 Data sizes:     COMMON   BANK0   BANK1   BANK2   BANK3   BANK4
      Params:         3       0       0       0       0       0
      Locals:         0       6       0       0       0       0
      Temps:          0       8       0       0       0       0
      Totals:         3      14       0       0       0       0
Total ram usage:       17 bytes
 Hardware stack levels used:    1
 Hardware stack levels required when called:    3
 This function calls:
		___wmul
 This function is called by:
		_main
 This function uses a non-reentrant model


 *************** function ___wmul *****************
 Defined at:
		line 15 in file "C:\Program Files (x86)\Microchip\xc8\v2.00\pic\sources\c99\common\Umul16.c"
 Parameters:    Size  Location     Type
  multiplier      2    0[COMMON] unsigned int 
  multiplicand    2    2[COMMON] unsigned int 
 Auto vars:     Size  Location     Type
  product         2    4[COMMON] unsigned int 
 Return value:  Size  Location     Type
                  2    0[COMMON] unsigned int 
 Registers used:
		wreg, status,2, status,0
 Tracked objects:
		On entry : 
		On exit  : 
		Unchanged: 
 Data sizes:     COMMON   BANK0   BANK1   BANK2   BANK3   BANK4
      Params:         4       0       0       0       0       0
      Locals:         2       0       0       0       0       0
      Temps:          0       0       0       0       0       0
      Totals:         6       0       0       0       0       0
Total ram usage:        6 bytes
 Hardware stack levels used:    1
 Hardware stack levels required when called:    2
 This function calls:
		Nothing
 This function is called by:
		_cos
		_sin
 This function uses a non-reentrant model


 *************** function _SYSTEM_Initialize *****************
 Defined at:
		line 50 in file "mcc_generated_files/mcc.c"
 Parameters:    Size  Location     Type
		None
 Auto vars:     Size  Location     Type
		None
 Return value:  Size  Location     Type
                  1    wreg      void 
 Registers used:
		wreg, status,2, status,0, pclath, cstack
 Tracked objects:
		On entry : 
		On exit  : 
		Unchanged: 
 Data sizes:     COMMON   BANK0   BANK1   BANK2   BANK3   BANK4
      Params:         0       0       0       0       0       0
      Locals:         0       0       0       0       0       0
      Temps:          0       0       0       0       0       0
      Totals:         0       0       0       0       0       0
Total ram usage:        0 bytes
 Hardware stack levels used:    1
 Hardware stack levels required when called:    3
 This function calls:
		_OSCILLATOR_Initialize
		_PIN_MANAGER_Initialize
		_PWM3_Initialize
		_PWM4_Initialize
		_TMR4_Initialize
		_TMR6_Initialize
		_WDT_Initialize
 This function is called by:
		_main
 This function uses a non-reentrant model


 *************** function _WDT_Initialize *****************
 Defined at:
		line 72 in file "mcc_generated_files/mcc.c"
 Parameters:    Size  Location     Type
		None
 Auto vars:     Size  Location     Type
		None
 Return value:  Size  Location     Type
                  1    wreg      void 
 Registers used:
		wreg
 Tracked objects:
		On entry : 
		On exit  : 
		Unchanged: 
 Data sizes:     COMMON   BANK0   BANK1   BANK2   BANK3   BANK4
      Params:         0       0       0       0       0       0
      Locals:         0       0       0       0       0       0
      Temps:          0       0       0       0       0       0
      Totals:         0       0       0       0       0       0
Total ram usage:        0 bytes
 Hardware stack levels used:    1
 Hardware stack levels required when called:    2
 This function calls:
		Nothing
 This function is called by:
		_SYSTEM_Initialize
 This function uses a non-reentrant model


 *************** function _TMR6_Initialize *****************
 Defined at:
		line 62 in file "mcc_generated_files/tmr6.c"
 Parameters:    Size  Location     Type
		None
 Auto vars:     Size  Location     Type
		None
 Return value:  Size  Location     Type
                  1    wreg      void 
 Registers used:
		wreg, status,2
 Tracked objects:
		On entry : 
		On exit  : 
		Unchanged: 
 Data sizes:     COMMON   BANK0   BANK1   BANK2   BANK3   BANK4
      Params:         0       0       0       0       0       0
      Locals:         0       0       0       0       0       0
      Temps:          0       0       0       0       0       0
      Totals:         0       0       0       0       0       0
Total ram usage:        0 bytes
 Hardware stack levels used:    1
 Hardware stack levels required when called:    2
 This function calls:
		Nothing
 This function is called by:
		_SYSTEM_Initialize
 This function uses a non-reentrant model


 *************** function _TMR4_Initialize *****************
 Defined at:
		line 62 in file "mcc_generated_files/tmr4.c"
 Parameters:    Size  Location     Type
		None
 Auto vars:     Size  Location     Type
		None
 Return value:  Size  Location     Type
                  1    wreg      void 
 Registers used:
		wreg, status,2
 Tracked objects:
		On entry : 
		On exit  : 
		Unchanged: 
 Data sizes:     COMMON   BANK0   BANK1   BANK2   BANK3   BANK4
      Params:         0       0       0       0       0       0
      Locals:         0       0       0       0       0       0
      Temps:          0       0       0       0       0       0
      Totals:         0       0       0       0       0       0
Total ram usage:        0 bytes
 Hardware stack levels used:    1
 Hardware stack levels required when called:    2
 This function calls:
		Nothing
 This function is called by:
		_SYSTEM_Initialize
 This function uses a non-reentrant model


 *************** function _PWM4_Initialize *****************
 Defined at:
		line 64 in file "mcc_generated_files/pwm4.c"
 Parameters:    Size  Location     Type
		None
 Auto vars:     Size  Location     Type
		None
 Return value:  Size  Location     Type
                  1    wreg      void 
 Registers used:
		wreg, status,2, status,0
 Tracked objects:
		On entry : 
		On exit  : 
		Unchanged: 
 Data sizes:     COMMON   BANK0   BANK1   BANK2   BANK3   BANK4
      Params:         0       0       0       0       0       0
      Locals:         0       0       0       0       0       0
      Temps:          0       0       0       0       0       0
      Totals:         0       0       0       0       0       0
Total ram usage:        0 bytes
 Hardware stack levels used:    1
 Hardware stack levels required when called:    2
 This function calls:
		Nothing
 This function is called by:
		_SYSTEM_Initialize
 This function uses a non-reentrant model


 *************** function _PWM3_Initialize *****************
 Defined at:
		line 64 in file "mcc_generated_files/pwm3.c"
 Parameters:    Size  Location     Type
		None
 Auto vars:     Size  Location     Type
		None
 Return value:  Size  Location     Type
                  1    wreg      void 
 Registers used:
		wreg, status,2, status,0
 Tracked objects:
		On entry : 
		On exit  : 
		Unchanged: 
 Data sizes:     COMMON   BANK0   BANK1   BANK2   BANK3   BANK4
      Params:         0       0       0       0       0       0
      Locals:         0       0       0       0       0       0
      Temps:          0       0       0       0       0       0
      Totals:         0       0       0       0       0       0
Total ram usage:        0 bytes
 Hardware stack levels used:    1
 Hardware stack levels required when called:    2
 This function calls:
		Nothing
 This function is called by:
		_SYSTEM_Initialize
 This function uses a non-reentrant model


 *************** function _PIN_MANAGER_Initialize *****************
 Defined at:
		line 57 in file "mcc_generated_files/pin_manager.c"
 Parameters:    Size  Location     Type
		None
 Auto vars:     Size  Location     Type
		None
 Return value:  Size  Location     Type
                  1    wreg      void 
 Registers used:
		wreg, status,2
 Tracked objects:
		On entry : 
		On exit  : 
		Unchanged: 
 Data sizes:     COMMON   BANK0   BANK1   BANK2   BANK3   BANK4
      Params:         0       0       0       0       0       0
      Locals:         0       0       0       0       0       0
      Temps:          0       0       0       0       0       0
      Totals:         0       0       0       0       0       0
Total ram usage:        0 bytes
 Hardware stack levels used:    1
 Hardware stack levels required when called:    2
 This function calls:
		Nothing
 This function is called by:
		_SYSTEM_Initialize
 This function uses a non-reentrant model


 *************** function _OSCILLATOR_Initialize *****************
 Defined at:
		line 62 in file "mcc_generated_files/mcc.c"
 Parameters:    Size  Location     Type
		None
 Auto vars:     Size  Location     Type
		None
 Return value:  Size  Location     Type
                  1    wreg      void 
 Registers used:
		wreg, status,2
 Tracked objects:
		On entry : 
		On exit  : 
		Unchanged: 
 Data sizes:     COMMON   BANK0   BANK1   BANK2   BANK3   BANK4
      Params:         0       0       0       0       0       0
      Locals:         0       0       0       0       0       0
      Temps:          0       0       0       0       0       0
      Totals:         0       0       0       0       0       0
Total ram usage:        0 bytes
 Hardware stack levels used:    1
 Hardware stack levels required when called:    2
 This function calls:
		Nothing
 This function is called by:
		_SYSTEM_Initialize
 This function uses a non-reentrant model


 *************** function _PWM4_LoadDutyValue *****************
 Defined at:
		line 82 in file "mcc_generated_files/pwm4.c"
 Parameters:    Size  Location     Type
  dutyValue       2    0[COMMON] unsigned short 
 Auto vars:     Size  Location     Type
		None
 Return value:  Size  Location     Type
                  1    wreg      void 
 Registers used:
		wreg, status,2, status,0
 Tracked objects:
		On entry : 
		On exit  : 
		Unchanged: 
 Data sizes:     COMMON   BANK0   BANK1   BANK2   BANK3   BANK4
      Params:         2       0       0       0       0       0
      Locals:         0       0       0       0       0       0
      Temps:          2       0       0       0       0       0
      Totals:         4       0       0       0       0       0
Total ram usage:        4 bytes
 Hardware stack levels used:    1
 Hardware stack levels required when called:    2
 This function calls:
		Nothing
 This function is called by:
		_main
 This function uses a non-reentrant model


 *************** function _PWM3_LoadDutyValue *****************
 Defined at:
		line 82 in file "mcc_generated_files/pwm3.c"
 Parameters:    Size  Location     Type
  dutyValue       2    0[COMMON] unsigned short 
 Auto vars:     Size  Location     Type
		None
 Return value:  Size  Location     Type
                  1    wreg      void 
 Registers used:
		wreg, status,2, status,0
 Tracked objects:
		On entry : 
		On exit  : 
		Unchanged: 
 Data sizes:     COMMON   BANK0   BANK1   BANK2   BANK3   BANK4
      Params:         2       0       0       0       0       0
      Locals:         0       0       0       0       0       0
      Temps:          2       0       0       0       0       0
      Totals:         4       0       0       0       0       0
Total ram usage:        4 bytes
 Hardware stack levels used:    1
 Hardware stack levels required when called:    2
 This function calls:
		Nothing
 This function is called by:
		_main
 This function uses a non-reentrant model


 *************** function _INTERRUPT_InterruptManager *****************
 Defined at:
		line 52 in file "mcc_generated_files/interrupt_manager.c"
 Parameters:    Size  Location     Type
		None
 Auto vars:     Size  Location     Type
		None
 Return value:  Size  Location     Type
                  1    wreg      void 
 Registers used:
		status,2, status,0, pclath, cstack
 Tracked objects:
		On entry : 
		On exit  : 
		Unchanged: 
 Data sizes:     COMMON   BANK0   BANK1   BANK2   BANK3   BANK4
      Params:         0       0       0       0       0       0
      Locals:         0       0       0       0       0       0
      Temps:          0       0       0       0       0       0
      Totals:         0       0       0       0       0       0
Total ram usage:        0 bytes
 Hardware stack levels used:    1
 Hardware stack levels required when called:    1
 This function calls:
		_PIN_MANAGER_IOC
 This function is called by:
		Interrupt level 1
 This function uses a non-reentrant model


 *************** function _PIN_MANAGER_IOC *****************
 Defined at:
		line 101 in file "mcc_generated_files/pin_manager.c"
 Parameters:    Size  Location     Type
		None
 Auto vars:     Size  Location     Type
		None
 Return value:  Size  Location     Type
                  1    wreg      void 
 Registers used:
		None
 Tracked objects:
		On entry : 
		On exit  : 
		Unchanged: 
 Data sizes:     COMMON   BANK0   BANK1   BANK2   BANK3   BANK4
      Params:         0       0       0       0       0       0
      Locals:         0       0       0       0       0       0
      Temps:          0       0       0       0       0       0
      Totals:         0       0       0       0       0       0
Total ram usage:        0 bytes
 Hardware stack levels used:    1
 This function calls:
		Nothing
 This function is called by:
		_INTERRUPT_InterruptManager
 This function uses a non-reentrant model



MODULE INFORMATION

Module		Function		Class		Link	Load	Size
mcc_generated_files/tmr6.c
		_TMR6_Initialize		CODE           	0535	0000	11

mcc_generated_files/tmr6.c estimated size: 11

C:\Program Files (x86)\Microchip\xc8\v2.00\pic\sources\c99\common\Umul32.c
		___lmul        		CODE           	045E	0000	56

C:\Program Files (x86)\Microchip\xc8\v2.00\pic\sources\c99\common\Umul32.c estimated size: 56

mcc_generated_files/tmr4.c
		_TMR4_Initialize		CODE           	053F	0000	11

mcc_generated_files/tmr4.c estimated size: 11

mcc_generated_files/pwm4.c
		_PWM4_Initialize		CODE           	051E	0000	13
		_PWM4_LoadDutyValue		CODE           	04CE	0000	24

mcc_generated_files/pwm4.c estimated size: 37

mcc_generated_files/interrupt_manager.c
		_INTERRUPT_InterruptManager		CODE           	0004	0000	18

mcc_generated_files/interrupt_manager.c estimated size: 18

mcc_generated_files/pin_manager.c
		_PIN_MANAGER_Initialize		CODE           	04B7	0000	24
		_PIN_MANAGER_IOC		CODE           	0557	0000	2

mcc_generated_files/pin_manager.c estimated size: 26

shared
		_coss          		STRCODE        	027D	0000	183
		_DegreePerKm7  		STRCODE        	0556	0000	2
		__initialization		CODE           	0017	0000	15
		_START_ARROW_POSITION		STRCODE        	0554	0000	3

shared estimated size: 203

./cos_tab.h
		_sin           		CODE           	0333	0000	173
		_cos           		CODE           	00FE	0000	202
		_getArrowDegree4		CODE           	03DF	0000	128

./cos_tab.h estimated size: 503

mcc_generated_files/mcc.c
		_WDT_Initialize		CODE           	0550	0000	5
		_OSCILLATOR_Initialize		CODE           	0549	0000	8
		_SYSTEM_Initialize		CODE           	04FC	0000	23

mcc_generated_files/mcc.c estimated size: 36

mcc_generated_files/pwm3.c
		_PWM3_Initialize		CODE           	052A	0000	12
		_PWM3_LoadDutyValue		CODE           	04E5	0000	24

mcc_generated_files/pwm3.c estimated size: 36

C:\Program Files (x86)\Microchip\xc8\v2.00\pic\sources\c99\common\Umul16.c
		___wmul        		CODE           	0495	0000	35

C:\Program Files (x86)\Microchip\xc8\v2.00\pic\sources\c99\common\Umul16.c estimated size: 35

main.c
		_main          		CODE           	0029	0000	214

main.c estimated size: 214

