Microchip MPLAB XC8 Compiler V2.00 ()

Linker command line:

-W-3 --edf=C:\Program Files (x86)\Microchip\xc8\v2.00\pic\dat\en_msgs.txt \
  -cs -h+dist/default/production\SpeedoTest.production.sym \
  --cmf=dist/default/production\SpeedoTest.production.cmf -z -Q16F1827 \
  -oC:\Users\Nataly\AppData\Local\Temp\silk.2 --defsym=__MPLAB_BUILD=1 \
  -Mdist/default/production/SpeedoTest.production.map -E1 -ver=XC8 \
  --acfsm=1493 -ASTACK=02021h-020b9h -pstack=STACK -ACODE=00h-07FFhx2 \
  -ASTRCODE=00h-0FFFh -ASTRING=00h-0FFhx16 -ACONST=00h-0FFhx16 \
  -AENTRY=00h-0FFhx16 -ACOMMON=070h-07Fh -ABANK0=020h-06Fh \
  -ABANK1=0A0h-0EFh -ABANK2=0120h-016Fh -ABANK3=01A0h-01EFh \
  -ABANK4=0220h-024Fh -ABIGRAM=02000h-0216Fh \
  -ARAM=020h-06Fh,0A0h-0EFh,0120h-016Fh,01A0h-01EFh,0220h-024Fh \
  -AABS1=020h-07Fh,0A0h-0EFh,0120h-016Fh,01A0h-01EFh,0220h-024Fh \
  -ASFR0=00h-01Fh -ASFR1=080h-09Fh -ASFR2=0100h-011Fh -ASFR3=0180h-019Fh \
  -ASFR4=0200h-021Fh -ASFR5=0280h-02EFh -ASFR6=0300h-036Fh \
  -ASFR7=0380h-03EFh -ASFR8=0400h-046Fh -ASFR9=0480h-04EFh \
  -ASFR10=0500h-056Fh -ASFR11=0580h-05EFh -ASFR12=0600h-066Fh \
  -ASFR13=0680h-06EFh -ASFR14=0700h-076Fh -ASFR15=0780h-07EFh \
  -ASFR16=0800h-086Fh -ASFR17=0880h-08EFh -ASFR18=0900h-096Fh \
  -ASFR19=0980h-09EFh -ASFR20=0A00h-0A6Fh -ASFR21=0A80h-0AEFh \
  -ASFR22=0B00h-0B6Fh -ASFR23=0B80h-0BEFh -ASFR24=0C00h-0C6Fh \
  -ASFR25=0C80h-0CEFh -ASFR26=0D00h-0D6Fh -ASFR27=0D80h-0DEFh \
  -ASFR28=0E00h-0E6Fh -ASFR29=0E80h-0EEFh -ASFR30=0F00h-0F6Fh \
  -ASFR31=0F80h-0FEFh -preset_vec=00h,intentry,init,end_init -ppowerup=CODE \
  -pcinit=CODE -pfunctab=ENTRY -ACONFIG=08007h-08008h -pconfig=CONFIG \
  -DCONFIG=2 -AIDLOC=08000h-08003h -pidloc=IDLOC -DIDLOC=2 \
  -AEEDATA=00h-0FFh/0F000h -peeprom_data=EEDATA -DEEDATA=2 -DCODE=2 \
  -DSTRCODE=2 -DSTRING=2 -DCONST=2 -DENTRY=2 -k \
  C:\Users\Nataly\AppData\Local\Temp\silk.o \
  dist/default/production\SpeedoTest.production.o 

Object code version is 3.11

Machine type is 16F1827



                Name                               Link     Load   Length Selector   Space Scale
C:\Users\Nataly\AppData\Local\Temp\silk.o
                end_init                              2        2        2        0       0
                reset_vec                             0        0        2        0       0
                config                             8007     8007        2    1000E       0
dist/default/production\SpeedoTest.production.o
                cinit                               7EF      7EF       11      FDE       0
                text16                              3B6      3B6       17      76C       0
                text15                              3CD      3CD       17      79A       0
                text14                              34D      34D        7      69A       0
                text13                              38A      38A       16      714       0
                text12                              368      368        B      6D0       0
                text11                              373      373        B      6E6       0
                text10                              354      354        A      6A8       0
                text9                               35E      35E        A      6BC       0
                text8                               349      349        4      692       0
                text7                               3A0      3A0       16      740       0
                text6                               3E4      3E4       1B      7C8       0
                text5                               3FF      3FF       22      7FE       0
                text4                               651      651       CD      CA2       0
                text3                               421      421       37      842       0
                text2                               458      458       7F      8B0       0
                text1                               71E      71E       D1      E3C       0
                maintext                            58D      58D       C4      B1A       0
                cstackBANK0                          20       20       21       20       1
                cstackCOMMON                         70       70        C       70       1
                inittext                            37E      37E        C      6FC       0
                stringtext3                         8B8      8B8        1     1000       0
                stringtext2                         8B6      8B6        2     1000       0
                stringtext1                         800      800       B6     1000       0
                idataBIGRAM                         4D7      4D7       B6      9AE       0

TOTAL           Name                               Link     Load   Length     Space
        CLASS   STACK          

        CLASS   CODE           
                end_init                              2        2        2         0
                cinit                               7EF      7EF       11         0
                reset_vec                             0        0        2         0
                text16                              3B6      3B6       17         0
                text15                              3CD      3CD       17         0
                text14                              34D      34D        7         0
                text13                              38A      38A       16         0
                text12                              368      368        B         0
                text11                              373      373        B         0
                text10                              354      354        A         0
                text9                               35E      35E        A         0
                text8                               349      349        4         0
                text7                               3A0      3A0       16         0
                text6                               3E4      3E4       1B         0
                text5                               3FF      3FF       22         0
                text4                               651      651       CD         0
                text3                               421      421       37         0
                text2                               458      458       7F         0
                text1                               71E      71E       D1         0
                maintext                            58D      58D       C4         0
                inittext                            37E      37E        C         0
                idataBIGRAM                         4D7      4D7       B6         0

        CLASS   STRCODE        
                stringtext3                         8B8      8B8        1         0
                stringtext2                         8B6      8B6        2         0
                stringtext1                         800      800       B6         0

        CLASS   STRING         

        CLASS   CONST          

        CLASS   ENTRY          

        CLASS   COMMON         
                cstackCOMMON                         70       70        C         1

        CLASS   BANK0          
                cstackBANK0                          20       20       21         1

        CLASS   BANK1          

        CLASS   BANK2          

        CLASS   BANK3          

        CLASS   BANK4          

        CLASS   BIGRAM         

        CLASS   RAM            

        CLASS   ABS1           
                abs_s1                               7E       7E        2         1
                abs_s1                              13A      13A       36         1
                abs_s1                              1A0      1A0       50         1
                abs_s1                              220      220       30         1
                abs_s1                             20BA     20BA        0         1

        CLASS   SFR0           

        CLASS   SFR1           

        CLASS   SFR2           

        CLASS   SFR3           

        CLASS   SFR4           

        CLASS   SFR5           

        CLASS   SFR6           

        CLASS   SFR7           

        CLASS   SFR8           

        CLASS   SFR9           

        CLASS   SFR10          

        CLASS   SFR11          

        CLASS   SFR12          

        CLASS   SFR13          

        CLASS   SFR14          

        CLASS   SFR15          

        CLASS   SFR16          

        CLASS   SFR17          

        CLASS   SFR18          

        CLASS   SFR19          

        CLASS   SFR20          

        CLASS   SFR21          

        CLASS   SFR22          

        CLASS   SFR23          

        CLASS   SFR24          

        CLASS   SFR25          

        CLASS   SFR26          

        CLASS   SFR27          

        CLASS   SFR28          

        CLASS   SFR29          

        CLASS   SFR30          

        CLASS   SFR31          

        CLASS   CONFIG         
                config                             8007     8007        2         0

        CLASS   IDLOC          

        CLASS   EEDATA         

        CLASS   BANK31         

        CLASS   BANK30         

        CLASS   BANK29         

        CLASS   BANK28         

        CLASS   BANK27         

        CLASS   BANK26         

        CLASS   BANK25         

        CLASS   BANK24         

        CLASS   BANK23         

        CLASS   BANK22         

        CLASS   BANK21         

        CLASS   BANK20         

        CLASS   BANK19         

        CLASS   BANK18         

        CLASS   BANK17         

        CLASS   BANK16         

        CLASS   BANK15         

        CLASS   BANK14         

        CLASS   BANK13         

        CLASS   BANK12         

        CLASS   BANK11         

        CLASS   BANK10         

        CLASS   BANK9          

        CLASS   BANK8          

        CLASS   BANK7          

        CLASS   BANK6          

        CLASS   BANK5          



SEGMENTS        Name                           Load    Length   Top    Selector   Space  Class     Delta

                reset_vec                      000000  000004  000004         0       0  CODE        2
                cstackBANK0                    000020  000021  000041        20       1  BANK0       1
                cstackCOMMON                   000070  00000C  00007C        70       1  COMMON      1
                text8                          000349  000004  00034D       692       0  CODE        2
                text14                         00034D  000007  000354       69A       0  CODE        2
                text10                         000354  00000A  00035E       6A8       0  CODE        2
                text9                          00035E  00000A  000368       6BC       0  CODE        2
                text12                         000368  00000B  000373       6D0       0  CODE        2
                text11                         000373  00000B  00037E       6E6       0  CODE        2
                inittext                       00037E  00000C  00038A       6FC       0  CODE        2
                text13                         00038A  000016  0003A0       714       0  CODE        2
                text7                          0003A0  000016  0003B6       740       0  CODE        2
                text16                         0003B6  000017  0003CD       76C       0  CODE        2
                text15                         0003CD  000017  0003E4       79A       0  CODE        2
                text6                          0003E4  00001B  0003FF       7C8       0  CODE        2
                text5                          0003FF  000022  000421       7FE       0  CODE        2
                text3                          000421  000037  000458       842       0  CODE        2
                text2                          000458  00007F  0004D7       8B0       0  CODE        2
                idataBIGRAM                    0004D7  0000B6  00058D       9AE       0  CODE        2
                maintext                       00058D  0000C4  000651       B1A       0  CODE        2
                text4                          000651  0000CD  00071E       CA2       0  CODE        2
                text1                          00071E  0000D1  0007EF       E3C       0  CODE        2
                cinit                          0007EF  000011  000800       FDE       0  CODE        2
                stringtext1                    000800  0000B9  0008B9      1000       0  STRCODE     2
                config                         008007  000002  008009     1000E       0  CONFIG      2


UNUSED ADDRESS RANGES

        Name                Unused          Largest block    Delta
        BANK0            00041-0006F              2F           1
        BANK1            000A0-000EF              50           1
        BANK2            00120-00139              1A           1
        BIGRAM           02000-0216F             170           1
        CODE             00004-00348             345           2
                         008B9-00FFF             747
        COMMON           0007C-0007D               2           1
        CONST            00004-00348             100           2
                         008B9-00FFF             100
        EEDATA           0F000-0F0FF             100           2
        ENTRY            00004-00348             100           2
                         008B9-00FFF             100
        IDLOC            08000-08003               4           2
        RAM              00041-0006F              2F           1
                         000A0-000EF              50
                         00120-00139              1A
        SFR0             00000-0001F              20           1
        SFR1             00080-0009F              20           1
        SFR10            00500-0056F              70           1
        SFR11            00580-005EF              70           1
        SFR12            00600-0066F              70           1
        SFR13            00680-006EF              70           1
        SFR14            00700-0076F              70           1
        SFR15            00780-007EF              70           1
        SFR16            00800-0086F              70           1
        SFR17            00880-008EF              70           1
        SFR18            00900-0096F              70           1
        SFR19            00980-009EF              70           1
        SFR2             00100-0011F              20           1
        SFR20            00A00-00A6F              70           1
        SFR21            00A80-00AEF              70           1
        SFR22            00B00-00B6F              70           1
        SFR23            00B80-00BEF              70           1
        SFR24            00C00-00C6F              70           1
        SFR25            00C80-00CEF              70           1
        SFR26            00D00-00D6F              70           1
        SFR27            00D80-00DEF              70           1
        SFR28            00E00-00E6F              70           1
        SFR29            00E80-00EEF              70           1
        SFR3             00180-0019F              20           1
        SFR30            00F00-00F6F              70           1
        SFR31            00F80-00FEF              70           1
        SFR4             00200-0021F              20           1
        SFR5             00280-002EF              70           1
        SFR6             00300-0036F              70           1
        SFR7             00380-003EF              70           1
        SFR8             00400-0046F              70           1
        SFR9             00480-004EF              70           1
        STACK            02021-020B9              99           1
        STRCODE          00004-00348             345           2
                         008B9-00FFF             747
        STRING           00004-00348             100           2
                         008B9-00FFF             100

                                  Symbol Table

?___lmul                         cstackCOMMON 00070
?___wmul                         cstackCOMMON 00070
?_abs                            cstackCOMMON 00070
?_cos15                          cstackCOMMON 00076
?_getArrowDegree4                cstackBANK0  00020
?_sin15                          cstackCOMMON 00076
PWM3_LoadDutyValue@dutyValue     cstackCOMMON 00074
PWM4_LoadDutyValue@dutyValue     cstackCOMMON 00074
_ANSELA                          (abs)        0018C
_ANSELB                          (abs)        0018D
_APFCON0                         (abs)        0011D
_APFCON1                         (abs)        0011E
_BORCON                          (abs)        00116
_CCP3CON                         (abs)        00313
_CCP4CON                         (abs)        0031A
_CCPR3H                          (abs)        00312
_CCPR3L                          (abs)        00311
_CCPR4H                          (abs)        00319
_CCPR4L                          (abs)        00318
_CCPTMRS0bits                    (abs)        0029E
_DegreePerKm7                    stringtext3  008B8
_LATA                            (abs)        0010C
_LATAbits                        (abs)        0010C
_LATB                            (abs)        0010D
_OPTION_REGbits                  (abs)        00095
_OSCCON                          (abs)        00099
_OSCILLATOR_Initialize           text14       0034D
_OSCTUNE                         (abs)        00098
_PIN_MANAGER_Initialize          text13       0038A
_PIR3bits                        (abs)        00013
_PR4                             (abs)        00416
_PR6                             (abs)        0041D
_PWM3_Initialize                 text12       00368
_PWM3_LoadDutyValue              text16       003B6
_PWM4_Initialize                 text11       00373
_PWM4_LoadDutyValue              text15       003CD
_START_ARROW_POSITION            stringtext2  008B6
_SYSTEM_Initialize               text7        003A0
_T4CON                           (abs)        00417
_T4CONbits                       (abs)        00417
_T6CON                           (abs)        0041E
_T6CONbits                       (abs)        0041E
_TMR4                            (abs)        00415
_TMR4_Initialize                 text10       00354
_TMR6                            (abs)        0041C
_TMR6_Initialize                 text9        0035E
_TRISA                           (abs)        0008C
_TRISB                           (abs)        0008D
_WDTCON                          (abs)        00097
_WDT_Initialize                  text8        00349
_WPUA                            (abs)        0020C
_WPUB                            (abs)        0020D
__CFG_BOREN$ON                   (abs)        00000
__CFG_BORV$LO                    (abs)        00000
__CFG_CLKOUTEN$OFF               (abs)        00000
__CFG_CP$OFF                     (abs)        00000
__CFG_CPD$OFF                    (abs)        00000
__CFG_FCMEN$ON                   (abs)        00000
__CFG_FOSC$INTOSC                (abs)        00000
__CFG_IESO$ON                    (abs)        00000
__CFG_LVP$OFF                    (abs)        00000
__CFG_MCLRE$ON                   (abs)        00000
__CFG_PLLEN$OFF                  (abs)        00000
__CFG_PWRTE$ON                   (abs)        00000
__CFG_STVREN$ON                  (abs)        00000
__CFG_WDTE$OFF                   (abs)        00000
__CFG_WRT$OFF                    (abs)        00000
__Habs1                          abs1         00000
__Hbank0                         bank0        00000
__Hbank1                         bank1        00000
__Hbank10                        bank10       00000
__Hbank11                        bank11       00000
__Hbank12                        bank12       00000
__Hbank13                        bank13       00000
__Hbank14                        bank14       00000
__Hbank15                        bank15       00000
__Hbank16                        bank16       00000
__Hbank17                        bank17       00000
__Hbank18                        bank18       00000
__Hbank19                        bank19       00000
__Hbank2                         bank2        00000
__Hbank20                        bank20       00000
__Hbank21                        bank21       00000
__Hbank22                        bank22       00000
__Hbank23                        bank23       00000
__Hbank24                        bank24       00000
__Hbank25                        bank25       00000
__Hbank26                        bank26       00000
__Hbank27                        bank27       00000
__Hbank28                        bank28       00000
__Hbank29                        bank29       00000
__Hbank3                         bank3        00000
__Hbank30                        bank30       00000
__Hbank31                        bank31       00000
__Hbank4                         bank4        00000
__Hbank5                         bank5        00000
__Hbank6                         bank6        00000
__Hbank7                         bank7        00000
__Hbank8                         bank8        00000
__Hbank9                         bank9        00000
__Hbigram                        bigram       00000
__Hcinit                         cinit        00800
__Hclrtext                       clrtext      00000
__Hcode                          code         00000
__Hcommon                        common       00000
__Hconfig                        config       08009
__HcstackBANK0                   cstackBANK0  00000
__HcstackCOMMON                  cstackCOMMON 00000
__Heeprom_data                   eeprom_data  00000
__Hend_init                      end_init     00004
__Hfunctab                       functab      00000
__HidataBIGRAM                   idataBIGRAM  00000
__Hidloc                         idloc        00000
__Hinit                          init         00002
__Hinittext                      inittext     00000
__Hintentry                      intentry     00002
__Hmaintext                      maintext     00000
__Hpowerup                       powerup      00000
__Hram                           ram          00000
__Hreset_vec                     reset_vec    00002
__Hsfr0                          sfr0         00000
__Hsfr1                          sfr1         00000
__Hsfr10                         sfr10        00000
__Hsfr11                         sfr11        00000
__Hsfr12                         sfr12        00000
__Hsfr13                         sfr13        00000
__Hsfr14                         sfr14        00000
__Hsfr15                         sfr15        00000
__Hsfr16                         sfr16        00000
__Hsfr17                         sfr17        00000
__Hsfr18                         sfr18        00000
__Hsfr19                         sfr19        00000
__Hsfr2                          sfr2         00000
__Hsfr20                         sfr20        00000
__Hsfr21                         sfr21        00000
__Hsfr22                         sfr22        00000
__Hsfr23                         sfr23        00000
__Hsfr24                         sfr24        00000
__Hsfr25                         sfr25        00000
__Hsfr26                         sfr26        00000
__Hsfr27                         sfr27        00000
__Hsfr28                         sfr28        00000
__Hsfr29                         sfr29        00000
__Hsfr3                          sfr3         00000
__Hsfr30                         sfr30        00000
__Hsfr31                         sfr31        00000
__Hsfr4                          sfr4         00000
__Hsfr5                          sfr5         00000
__Hsfr6                          sfr6         00000
__Hsfr7                          sfr7         00000
__Hsfr8                          sfr8         00000
__Hsfr9                          sfr9         00000
__Hspace_0                       (abs)        08009
__Hspace_1                       (abs)        0007C
__Hspace_2                       (abs)        00000
__Hspace_3                       (abs)        00000
__Hstack                         stack        00000
__Hstrings                       strings      00000
__Hstringtext1                   stringtext1  00000
__Hstringtext2                   stringtext2  00000
__Hstringtext3                   stringtext3  00000
__Htext                          text         00000
__Labs1                          abs1         00000
__Lbank0                         bank0        00000
__Lbank1                         bank1        00000
__Lbank10                        bank10       00000
__Lbank11                        bank11       00000
__Lbank12                        bank12       00000
__Lbank13                        bank13       00000
__Lbank14                        bank14       00000
__Lbank15                        bank15       00000
__Lbank16                        bank16       00000
__Lbank17                        bank17       00000
__Lbank18                        bank18       00000
__Lbank19                        bank19       00000
__Lbank2                         bank2        00000
__Lbank20                        bank20       00000
__Lbank21                        bank21       00000
__Lbank22                        bank22       00000
__Lbank23                        bank23       00000
__Lbank24                        bank24       00000
__Lbank25                        bank25       00000
__Lbank26                        bank26       00000
__Lbank27                        bank27       00000
__Lbank28                        bank28       00000
__Lbank29                        bank29       00000
__Lbank3                         bank3        00000
__Lbank30                        bank30       00000
__Lbank31                        bank31       00000
__Lbank4                         bank4        00000
__Lbank5                         bank5        00000
__Lbank6                         bank6        00000
__Lbank7                         bank7        00000
__Lbank8                         bank8        00000
__Lbank9                         bank9        00000
__Lbigram                        bigram       00000
__Lcinit                         cinit        007EF
__Lclrtext                       clrtext      00000
__Lcode                          code         00000
__Lcommon                        common       00000
__Lconfig                        config       08007
__LcstackBANK0                   cstackBANK0  00000
__LcstackCOMMON                  cstackCOMMON 00000
__Leeprom_data                   eeprom_data  00000
__Lend_init                      end_init     00002
__Lfunctab                       functab      00000
__LidataBIGRAM                   idataBIGRAM  00000
__Lidloc                         idloc        00000
__Linit                          init         00002
__Linittext                      inittext     00000
__Lintentry                      intentry     00002
__Lmaintext                      maintext     00000
__Lpowerup                       powerup      00000
__Lram                           ram          00000
__Lreset_vec                     reset_vec    00000
__Lsfr0                          sfr0         00000
__Lsfr1                          sfr1         00000
__Lsfr10                         sfr10        00000
__Lsfr11                         sfr11        00000
__Lsfr12                         sfr12        00000
__Lsfr13                         sfr13        00000
__Lsfr14                         sfr14        00000
__Lsfr15                         sfr15        00000
__Lsfr16                         sfr16        00000
__Lsfr17                         sfr17        00000
__Lsfr18                         sfr18        00000
__Lsfr19                         sfr19        00000
__Lsfr2                          sfr2         00000
__Lsfr20                         sfr20        00000
__Lsfr21                         sfr21        00000
__Lsfr22                         sfr22        00000
__Lsfr23                         sfr23        00000
__Lsfr24                         sfr24        00000
__Lsfr25                         sfr25        00000
__Lsfr26                         sfr26        00000
__Lsfr27                         sfr27        00000
__Lsfr28                         sfr28        00000
__Lsfr29                         sfr29        00000
__Lsfr3                          sfr3         00000
__Lsfr30                         sfr30        00000
__Lsfr31                         sfr31        00000
__Lsfr4                          sfr4         00000
__Lsfr5                          sfr5         00000
__Lsfr6                          sfr6         00000
__Lsfr7                          sfr7         00000
__Lsfr8                          sfr8         00000
__Lsfr9                          sfr9         00000
__Lspace_0                       (abs)        00000
__Lspace_1                       (abs)        00000
__Lspace_2                       (abs)        00000
__Lspace_3                       (abs)        00000
__Lstack                         stack        00000
__Lstrings                       strings      00000
__Lstringtext1                   stringtext1  00000
__Lstringtext2                   stringtext2  00000
__Lstringtext3                   stringtext3  00000
__Ltext                          text         00000
__S0                             (abs)        08009
__S1                             (abs)        0007C
__S2                             (abs)        00000
__S3                             (abs)        00000
___int_sp                        stack        00000
___latbits                       (abs)        00001
___lmul                          text3        00421
___lmul@multiplicand             cstackCOMMON 00074
___lmul@multiplier               cstackCOMMON 00070
___lmul@product                  cstackCOMMON 00078
___sp                            stack        00000
___wmul                          text5        003FF
___wmul@multiplicand             cstackCOMMON 00072
___wmul@multiplier               cstackCOMMON 00070
___wmul@product                  cstackCOMMON 00074
__end_of_DegreePerKm7            stringtext3  008B9
__end_of_OSCILLATOR_Initialize   text14       00354
__end_of_PIN_MANAGER_Initialize  text13       003A0
__end_of_PWM3_Initialize         text12       00373
__end_of_PWM3_LoadDutyValue      text16       003CD
__end_of_PWM4_Initialize         text11       0037E
__end_of_PWM4_LoadDutyValue      text15       003E4
__end_of_START_ARROW_POSITION    stringtext2  008B8
__end_of_SYSTEM_Initialize       text7        003B6
__end_of_TMR4_Initialize         text10       0035E
__end_of_TMR6_Initialize         text9        00368
__end_of_WDT_Initialize          text8        0034D
__end_of___lmul                  text3        00458
__end_of___wmul                  text5        00421
__end_of__initialization         cinit        007FD
__end_of_abs                     text6        003FF
__end_of_cos15                   text4        0071E
__end_of_coss                    stringtext1  008B6
__end_of_getArrowDegree4         text2        004D7
__end_of_main                    maintext     00651
__end_of_sin15                   text1        007EF
__initialization                 cinit        007EF
__pcstackBANK0                   cstackBANK0  00020
__pcstackCOMMON                  cstackCOMMON 00070
__pdataBIGRAM                    (abs)        020BA
__pidataBIGRAM                   idataBIGRAM  004D7
__pmaintext                      maintext     0058D
__pstringtext1                   stringtext1  00800
__pstringtext2                   stringtext2  008B6
__pstringtext3                   stringtext3  008B8
__ptext1                         text1        0071E
__ptext10                        text10       00354
__ptext11                        text11       00373
__ptext12                        text12       00368
__ptext13                        text13       0038A
__ptext14                        text14       0034D
__ptext15                        text15       003CD
__ptext16                        text16       003B6
__ptext2                         text2        00458
__ptext3                         text3        00421
__ptext4                         text4        00651
__ptext5                         text5        003FF
__ptext6                         text6        003E4
__ptext7                         text7        003A0
__ptext8                         text8        00349
__ptext9                         text9        0035E
__size_of_OSCILLATOR_Initialize  (abs)        00000
__size_of_PIN_MANAGER_Initialize (abs)        00000
__size_of_PWM3_Initialize        (abs)        00000
__size_of_PWM3_LoadDutyValue     (abs)        00000
__size_of_PWM4_Initialize        (abs)        00000
__size_of_PWM4_LoadDutyValue     (abs)        00000
__size_of_SYSTEM_Initialize      (abs)        00000
__size_of_TMR4_Initialize        (abs)        00000
__size_of_TMR6_Initialize        (abs)        00000
__size_of_WDT_Initialize         (abs)        00000
__size_of___lmul                 (abs)        00000
__size_of___wmul                 (abs)        00000
__size_of_abs                    (abs)        00000
__size_of_cos15                  (abs)        00000
__size_of_getArrowDegree4        (abs)        00000
__size_of_main                   (abs)        00000
__size_of_sin15                  (abs)        00000
_abs                             text6        003E4
_cos15                           text4        00651
_coss                            stringtext1  00800
_getArrowDegree4                 text2        00458
_main                            maintext     0058D
_main$371                        cstackBANK0  00036
_sin15                           text1        0071E
_sins                            (abs)        020BA
abs@a                            cstackCOMMON 00070
btemp                            (abs)        0007E
cos15@degree_minor               cstackBANK0  0002C
cos15@dg                         cstackBANK0  0002D
cos15@pDegree4                   cstackCOMMON 00076
cos15@steep                      cstackBANK0  00028
cos15@val                        cstackBANK0  0002A
end_of_initialization            cinit        007FD
getArrowDegree4@p_speed4         cstackBANK0  00020
getArrowDegree4@r1               cstackBANK0  0002A
getArrowDegree4@r2               cstackBANK0  0002E
init_ram                         inittext     0037E
intlevel0                        functab      00000
intlevel1                        functab      00000
intlevel2                        functab      00000
intlevel3                        functab      00000
intlevel4                        functab      00000
intlevel5                        functab      00000
main@arrow_degree                cstackBANK0  0003D
main@hor_pwm_duty                cstackBANK0  00039
main@speed4                      cstackBANK0  0003F
main@speed_up                    cstackBANK0  00038
main@vert_pwm_duty               cstackBANK0  0003B
reset_vec                        reset_vec    00000
sin15@degree_minor               cstackBANK0  00030
sin15@dg                         cstackBANK0  00031
sin15@pDegree4                   cstackCOMMON 00076
sin15@steep                      cstackBANK0  0002C
sin15@val                        cstackBANK0  0002E
stackhi                          (abs)        020B9
stacklo                          (abs)        02021
start                            init         00002
start_initialization             cinit        007EF
wtemp0                           (abs)        0007E


FUNCTION INFORMATION:

 *************** function _main *****************
 Defined at:
		line 63 in file "main.c"
 Parameters:    Size  Location     Type
		None
 Auto vars:     Size  Location     Type
  speed4          2   31[BANK0 ] short 
  arrow_degree    2   29[BANK0 ] short 
  vert_pwm_dut    2   27[BANK0 ] short 
  hor_pwm_duty    2   25[BANK0 ] short 
  speed_up        1   24[BANK0 ] _Bool 
 Return value:  Size  Location     Type
                  1    wreg      void 
 Registers used:
		wreg, fsr0l, fsr0h, fsr1l, fsr1h, status,2, status,0, pclath, cstack
 Tracked objects:
		On entry : 
		On exit  : 
		Unchanged: 
 Data sizes:     COMMON   BANK0   BANK1   BANK2   BANK3   BANK4
      Params:         0       0       0       0       0       0
      Locals:         0      11       0       0       0       0
      Temps:          0       3       0       0       0       0
      Totals:         0      14       0       0       0       0
Total ram usage:       14 bytes
 Hardware stack levels required when called:    2
 This function calls:
		_PWM3_LoadDutyValue
		_PWM4_LoadDutyValue
		_SYSTEM_Initialize
		_abs
		_cos15
		_getArrowDegree4
		_sin15
 This function is called by:
		Startup code after reset
 This function uses a non-reentrant model


 *************** function _sin15 *****************
 Defined at:
		line 218 in file "./cos_tab.h"
 Parameters:    Size  Location     Type
  pDegree4        2    6[COMMON] short 
 Auto vars:     Size  Location     Type
  dg              2   17[BANK0 ] unsigned short 
  val             2   14[BANK0 ] short 
  steep           2   12[BANK0 ] unsigned short 
  degree_minor    1   16[BANK0 ] unsigned char 
 Return value:  Size  Location     Type
                  2    6[COMMON] short 
 Registers used:
		wreg, fsr0l, fsr0h, fsr1l, fsr1h, status,2, status,0, pclath, cstack
 Tracked objects:
		On entry : 
		On exit  : 
		Unchanged: 
 Data sizes:     COMMON   BANK0   BANK1   BANK2   BANK3   BANK4
      Params:         2       0       0       0       0       0
      Locals:         0       7       0       0       0       0
      Temps:          0      12       0       0       0       0
      Totals:         2      19       0       0       0       0
Total ram usage:       21 bytes
 Hardware stack levels used:    1
 Hardware stack levels required when called:    1
 This function calls:
		___wmul
 This function is called by:
		_main
 This function uses a non-reentrant model


 *************** function _getArrowDegree4 *****************
 Defined at:
		line 52 in file "main.c"
 Parameters:    Size  Location     Type
  p_speed4        4    0[BANK0 ] unsigned long 
 Auto vars:     Size  Location     Type
  r1              4   10[BANK0 ] unsigned long 
  r2              2   14[BANK0 ] unsigned short 
 Return value:  Size  Location     Type
                  2    0[BANK0 ] int 
 Registers used:
		wreg, fsr0l, fsr0h, status,2, status,0, pclath, cstack
 Tracked objects:
		On entry : 
		On exit  : 
		Unchanged: 
 Data sizes:     COMMON   BANK0   BANK1   BANK2   BANK3   BANK4
      Params:         0       4       0       0       0       0
      Locals:         0       6       0       0       0       0
      Temps:          0       6       0       0       0       0
      Totals:         0      16       0       0       0       0
Total ram usage:       16 bytes
 Hardware stack levels used:    1
 Hardware stack levels required when called:    1
 This function calls:
		___lmul
 This function is called by:
		_main
 This function uses a non-reentrant model


 *************** function ___lmul *****************
 Defined at:
		line 15 in file "C:\Program Files (x86)\Microchip\xc8\v2.00\pic\sources\c99\common\Umul32.c"
 Parameters:    Size  Location     Type
  multiplier      4    0[COMMON] unsigned long 
  multiplicand    4    4[COMMON] unsigned long 
 Auto vars:     Size  Location     Type
  product         4    8[COMMON] unsigned long 
 Return value:  Size  Location     Type
                  4    0[COMMON] unsigned long 
 Registers used:
		wreg, status,2, status,0
 Tracked objects:
		On entry : 
		On exit  : 
		Unchanged: 
 Data sizes:     COMMON   BANK0   BANK1   BANK2   BANK3   BANK4
      Params:         8       0       0       0       0       0
      Locals:         4       0       0       0       0       0
      Temps:          0       0       0       0       0       0
      Totals:        12       0       0       0       0       0
Total ram usage:       12 bytes
 Hardware stack levels used:    1
 This function calls:
		Nothing
 This function is called by:
		_getArrowDegree4
 This function uses a non-reentrant model


 *************** function _cos15 *****************
 Defined at:
		line 101 in file "./cos_tab.h"
 Parameters:    Size  Location     Type
  pDegree4        2    6[COMMON] short 
 Auto vars:     Size  Location     Type
  dg              2   13[BANK0 ] unsigned short 
  val             2   10[BANK0 ] short 
  steep           2    8[BANK0 ] unsigned short 
  degree_minor    1   12[BANK0 ] unsigned char 
 Return value:  Size  Location     Type
                  2    6[COMMON] short 
 Registers used:
		wreg, fsr0l, fsr0h, status,2, status,0, pclath, cstack
 Tracked objects:
		On entry : 
		On exit  : 
		Unchanged: 
 Data sizes:     COMMON   BANK0   BANK1   BANK2   BANK3   BANK4
      Params:         2       0       0       0       0       0
      Locals:         0       7       0       0       0       0
      Temps:          0       8       0       0       0       0
      Totals:         2      15       0       0       0       0
Total ram usage:       17 bytes
 Hardware stack levels used:    1
 Hardware stack levels required when called:    1
 This function calls:
		___wmul
 This function is called by:
		_main
 This function uses a non-reentrant model


 *************** function ___wmul *****************
 Defined at:
		line 15 in file "C:\Program Files (x86)\Microchip\xc8\v2.00\pic\sources\c99\common\Umul16.c"
 Parameters:    Size  Location     Type
  multiplier      2    0[COMMON] unsigned int 
  multiplicand    2    2[COMMON] unsigned int 
 Auto vars:     Size  Location     Type
  product         2    4[COMMON] unsigned int 
 Return value:  Size  Location     Type
                  2    0[COMMON] unsigned int 
 Registers used:
		wreg, status,2, status,0
 Tracked objects:
		On entry : 
		On exit  : 
		Unchanged: 
 Data sizes:     COMMON   BANK0   BANK1   BANK2   BANK3   BANK4
      Params:         4       0       0       0       0       0
      Locals:         2       0       0       0       0       0
      Temps:          0       0       0       0       0       0
      Totals:         6       0       0       0       0       0
Total ram usage:        6 bytes
 Hardware stack levels used:    1
 This function calls:
		Nothing
 This function is called by:
		_cos15
		_sin15
 This function uses a non-reentrant model


 *************** function _abs *****************
 Defined at:
		line 1 in file "C:\Program Files (x86)\Microchip\xc8\v2.00\pic\sources\c99\common\abs.c"
 Parameters:    Size  Location     Type
  a               2    0[COMMON] int 
 Auto vars:     Size  Location     Type
		None
 Return value:  Size  Location     Type
                  2    0[COMMON] int 
 Registers used:
		wreg, status,2, status,0
 Tracked objects:
		On entry : 
		On exit  : 
		Unchanged: 
 Data sizes:     COMMON   BANK0   BANK1   BANK2   BANK3   BANK4
      Params:         2       0       0       0       0       0
      Locals:         0       0       0       0       0       0
      Temps:          2       0       0       0       0       0
      Totals:         4       0       0       0       0       0
Total ram usage:        4 bytes
 Hardware stack levels used:    1
 This function calls:
		Nothing
 This function is called by:
		_main
 This function uses a non-reentrant model


 *************** function _SYSTEM_Initialize *****************
 Defined at:
		line 50 in file "mcc_generated_files/mcc.c"
 Parameters:    Size  Location     Type
		None
 Auto vars:     Size  Location     Type
		None
 Return value:  Size  Location     Type
                  1    wreg      void 
 Registers used:
		wreg, status,2, status,0, pclath, cstack
 Tracked objects:
		On entry : 
		On exit  : 
		Unchanged: 
 Data sizes:     COMMON   BANK0   BANK1   BANK2   BANK3   BANK4
      Params:         0       0       0       0       0       0
      Locals:         0       0       0       0       0       0
      Temps:          0       0       0       0       0       0
      Totals:         0       0       0       0       0       0
Total ram usage:        0 bytes
 Hardware stack levels used:    1
 Hardware stack levels required when called:    1
 This function calls:
		_OSCILLATOR_Initialize
		_PIN_MANAGER_Initialize
		_PWM3_Initialize
		_PWM4_Initialize
		_TMR4_Initialize
		_TMR6_Initialize
		_WDT_Initialize
 This function is called by:
		_main
 This function uses a non-reentrant model


 *************** function _WDT_Initialize *****************
 Defined at:
		line 72 in file "mcc_generated_files/mcc.c"
 Parameters:    Size  Location     Type
		None
 Auto vars:     Size  Location     Type
		None
 Return value:  Size  Location     Type
                  1    wreg      void 
 Registers used:
		wreg
 Tracked objects:
		On entry : 
		On exit  : 
		Unchanged: 
 Data sizes:     COMMON   BANK0   BANK1   BANK2   BANK3   BANK4
      Params:         0       0       0       0       0       0
      Locals:         0       0       0       0       0       0
      Temps:          0       0       0       0       0       0
      Totals:         0       0       0       0       0       0
Total ram usage:        0 bytes
 Hardware stack levels used:    1
 This function calls:
		Nothing
 This function is called by:
		_SYSTEM_Initialize
 This function uses a non-reentrant model


 *************** function _TMR6_Initialize *****************
 Defined at:
		line 62 in file "mcc_generated_files/tmr6.c"
 Parameters:    Size  Location     Type
		None
 Auto vars:     Size  Location     Type
		None
 Return value:  Size  Location     Type
                  1    wreg      void 
 Registers used:
		wreg, status,2
 Tracked objects:
		On entry : 
		On exit  : 
		Unchanged: 
 Data sizes:     COMMON   BANK0   BANK1   BANK2   BANK3   BANK4
      Params:         0       0       0       0       0       0
      Locals:         0       0       0       0       0       0
      Temps:          0       0       0       0       0       0
      Totals:         0       0       0       0       0       0
Total ram usage:        0 bytes
 Hardware stack levels used:    1
 This function calls:
		Nothing
 This function is called by:
		_SYSTEM_Initialize
 This function uses a non-reentrant model


 *************** function _TMR4_Initialize *****************
 Defined at:
		line 62 in file "mcc_generated_files/tmr4.c"
 Parameters:    Size  Location     Type
		None
 Auto vars:     Size  Location     Type
		None
 Return value:  Size  Location     Type
                  1    wreg      void 
 Registers used:
		wreg, status,2
 Tracked objects:
		On entry : 
		On exit  : 
		Unchanged: 
 Data sizes:     COMMON   BANK0   BANK1   BANK2   BANK3   BANK4
      Params:         0       0       0       0       0       0
      Locals:         0       0       0       0       0       0
      Temps:          0       0       0       0       0       0
      Totals:         0       0       0       0       0       0
Total ram usage:        0 bytes
 Hardware stack levels used:    1
 This function calls:
		Nothing
 This function is called by:
		_SYSTEM_Initialize
 This function uses a non-reentrant model


 *************** function _PWM4_Initialize *****************
 Defined at:
		line 64 in file "mcc_generated_files/pwm4.c"
 Parameters:    Size  Location     Type
		None
 Auto vars:     Size  Location     Type
		None
 Return value:  Size  Location     Type
                  1    wreg      void 
 Registers used:
		wreg, status,2, status,0
 Tracked objects:
		On entry : 
		On exit  : 
		Unchanged: 
 Data sizes:     COMMON   BANK0   BANK1   BANK2   BANK3   BANK4
      Params:         0       0       0       0       0       0
      Locals:         0       0       0       0       0       0
      Temps:          0       0       0       0       0       0
      Totals:         0       0       0       0       0       0
Total ram usage:        0 bytes
 Hardware stack levels used:    1
 This function calls:
		Nothing
 This function is called by:
		_SYSTEM_Initialize
 This function uses a non-reentrant model


 *************** function _PWM3_Initialize *****************
 Defined at:
		line 64 in file "mcc_generated_files/pwm3.c"
 Parameters:    Size  Location     Type
		None
 Auto vars:     Size  Location     Type
		None
 Return value:  Size  Location     Type
                  1    wreg      void 
 Registers used:
		wreg, status,2, status,0
 Tracked objects:
		On entry : 
		On exit  : 
		Unchanged: 
 Data sizes:     COMMON   BANK0   BANK1   BANK2   BANK3   BANK4
      Params:         0       0       0       0       0       0
      Locals:         0       0       0       0       0       0
      Temps:          0       0       0       0       0       0
      Totals:         0       0       0       0       0       0
Total ram usage:        0 bytes
 Hardware stack levels used:    1
 This function calls:
		Nothing
 This function is called by:
		_SYSTEM_Initialize
 This function uses a non-reentrant model


 *************** function _PIN_MANAGER_Initialize *****************
 Defined at:
		line 57 in file "mcc_generated_files/pin_manager.c"
 Parameters:    Size  Location     Type
		None
 Auto vars:     Size  Location     Type
		None
 Return value:  Size  Location     Type
                  1    wreg      void 
 Registers used:
		wreg, status,2
 Tracked objects:
		On entry : 
		On exit  : 
		Unchanged: 
 Data sizes:     COMMON   BANK0   BANK1   BANK2   BANK3   BANK4
      Params:         0       0       0       0       0       0
      Locals:         0       0       0       0       0       0
      Temps:          0       0       0       0       0       0
      Totals:         0       0       0       0       0       0
Total ram usage:        0 bytes
 Hardware stack levels used:    1
 This function calls:
		Nothing
 This function is called by:
		_SYSTEM_Initialize
 This function uses a non-reentrant model


 *************** function _OSCILLATOR_Initialize *****************
 Defined at:
		line 62 in file "mcc_generated_files/mcc.c"
 Parameters:    Size  Location     Type
		None
 Auto vars:     Size  Location     Type
		None
 Return value:  Size  Location     Type
                  1    wreg      void 
 Registers used:
		wreg, status,2
 Tracked objects:
		On entry : 
		On exit  : 
		Unchanged: 
 Data sizes:     COMMON   BANK0   BANK1   BANK2   BANK3   BANK4
      Params:         0       0       0       0       0       0
      Locals:         0       0       0       0       0       0
      Temps:          0       0       0       0       0       0
      Totals:         0       0       0       0       0       0
Total ram usage:        0 bytes
 Hardware stack levels used:    1
 This function calls:
		Nothing
 This function is called by:
		_SYSTEM_Initialize
 This function uses a non-reentrant model


 *************** function _PWM4_LoadDutyValue *****************
 Defined at:
		line 82 in file "mcc_generated_files/pwm4.c"
 Parameters:    Size  Location     Type
  dutyValue       2    4[COMMON] unsigned short 
 Auto vars:     Size  Location     Type
		None
 Return value:  Size  Location     Type
                  1    wreg      void 
 Registers used:
		wreg, status,2, status,0
 Tracked objects:
		On entry : 
		On exit  : 
		Unchanged: 
 Data sizes:     COMMON   BANK0   BANK1   BANK2   BANK3   BANK4
      Params:         2       0       0       0       0       0
      Locals:         0       0       0       0       0       0
      Temps:          2       0       0       0       0       0
      Totals:         4       0       0       0       0       0
Total ram usage:        4 bytes
 Hardware stack levels used:    1
 This function calls:
		Nothing
 This function is called by:
		_main
 This function uses a non-reentrant model


 *************** function _PWM3_LoadDutyValue *****************
 Defined at:
		line 82 in file "mcc_generated_files/pwm3.c"
 Parameters:    Size  Location     Type
  dutyValue       2    4[COMMON] unsigned short 
 Auto vars:     Size  Location     Type
		None
 Return value:  Size  Location     Type
                  1    wreg      void 
 Registers used:
		wreg, status,2, status,0
 Tracked objects:
		On entry : 
		On exit  : 
		Unchanged: 
 Data sizes:     COMMON   BANK0   BANK1   BANK2   BANK3   BANK4
      Params:         2       0       0       0       0       0
      Locals:         0       0       0       0       0       0
      Temps:          2       0       0       0       0       0
      Totals:         4       0       0       0       0       0
Total ram usage:        4 bytes
 Hardware stack levels used:    1
 This function calls:
		Nothing
 This function is called by:
		_main
 This function uses a non-reentrant model



MODULE INFORMATION

Module		Function		Class		Link	Load	Size
mcc_generated_files/tmr6.c
		_TMR6_Initialize		CODE           	035E	0000	11

mcc_generated_files/tmr6.c estimated size: 11

C:\Program Files (x86)\Microchip\xc8\v2.00\pic\sources\c99\common\Umul32.c
		___lmul        		CODE           	0421	0000	56

C:\Program Files (x86)\Microchip\xc8\v2.00\pic\sources\c99\common\Umul32.c estimated size: 56

mcc_generated_files/tmr4.c
		_TMR4_Initialize		CODE           	0354	0000	11

mcc_generated_files/tmr4.c estimated size: 11

mcc_generated_files/pwm4.c
		_PWM4_Initialize		CODE           	0373	0000	12
		_PWM4_LoadDutyValue		CODE           	03CD	0000	24

mcc_generated_files/pwm4.c estimated size: 36

mcc_generated_files/pin_manager.c
		_PIN_MANAGER_Initialize		CODE           	038A	0000	23

mcc_generated_files/pin_manager.c estimated size: 23

C:\Program Files (x86)\Microchip\xc8\v2.00\pic\sources\c99\common\abs.c
		_abs           		CODE           	03E4	0000	28

C:\Program Files (x86)\Microchip\xc8\v2.00\pic\sources\c99\common\abs.c estimated size: 28

shared
		_coss          		STRCODE        	0800	0000	183
		_DegreePerKm7  		STRCODE        	08B8	0000	2
		__initialization		CODE           	07EF	0000	15
		_START_ARROW_POSITION		STRCODE        	08B6	0000	3

shared estimated size: 203

./cos_tab.h
		_sin15         		CODE           	071E	0000	210
		_cos15         		CODE           	0651	0000	206

./cos_tab.h estimated size: 416

mcc_generated_files/mcc.c
		_WDT_Initialize		CODE           	0349	0000	5
		_OSCILLATOR_Initialize		CODE           	034D	0000	8
		_SYSTEM_Initialize		CODE           	03A0	0000	23

mcc_generated_files/mcc.c estimated size: 36

mcc_generated_files/pwm3.c
		_PWM3_Initialize		CODE           	0368	0000	12
		_PWM3_LoadDutyValue		CODE           	03B6	0000	24

mcc_generated_files/pwm3.c estimated size: 36

C:\Program Files (x86)\Microchip\xc8\v2.00\pic\sources\c99\common\Umul16.c
		___wmul        		CODE           	03FF	0000	35

C:\Program Files (x86)\Microchip\xc8\v2.00\pic\sources\c99\common\Umul16.c estimated size: 35

main.c
		_main          		CODE           	058D	0000	197
		_getArrowDegree4		CODE           	0458	0000	128

main.c estimated size: 325

